[13:02:01] [ServerMain/INFO]: [bootstrap] Running Java 25 (OpenJDK 64-Bit Server VM 25.0.1+8-LTS; Microsoft Microsoft-12574222) on Linux 6.8.0-1030-azure (amd64)
[13:02:01] [ServerMain/INFO]: [bootstrap] Loading Paper 1.21.4-60-main@0629524 (2024-12-28T00:13:57Z) for Minecraft 1.21.4
[13:02:01] [ServerMain/INFO]: [PluginInitializerManager] Initializing plugins...
[13:02:02] [ServerMain/INFO]: [PluginInitializerManager] Initialized 2 plugins
[13:02:02] [ServerMain/INFO]: [PluginInitializerManager] Bukkit plugins (2):
 - GSit (3.2.0), ImageFrame (1.9.0.0)
[13:02:09] [ServerMain/WARN]: resource-pack-id missing, using default of 436ba9a3-3719-3e86-a13b-5992893888d1
[13:02:10] [ServerMain/INFO]: Environment: Environment[sessionHost=https://sessionserver.mojang.com, servicesHost=https://api.minecraftservices.com, name=PROD]
[13:02:13] [ServerMain/INFO]: Loaded 1370 recipes
[13:02:13] [ServerMain/INFO]: Loaded 1481 advancements
[13:02:13] [ServerMain/INFO]: [MCTypeRegistry] Initialising converters for DataConverter...
[13:02:14] [ServerMain/INFO]: [MCTypeRegistry] Finished initialising converters for DataConverter in 304.5ms
[13:02:14] [Server thread/INFO]: Starting minecraft server version 1.21.4
[13:02:14] [Server thread/INFO]: Loading properties
[13:02:14] [Server thread/INFO]: This server is running Paper version 1.21.4-60-main@0629524 (2024-12-28T00:13:57Z) (Implementing API version 1.21.4-R0.1-SNAPSHOT)
[13:02:14] [Server thread/INFO]: [spark] This server bundles the spark profiler. For more information please visit https://docs.papermc.io/paper/profiling
[13:02:14] [Server thread/INFO]: Using 4 threads for Netty based IO
[13:02:14] [Server thread/INFO]: Server Ping Player Sample Count: 12
[13:02:16] [Server thread/INFO]: [MoonriseCommon] Paper is using 1 worker threads, 1 I/O threads
[13:02:16] [Server thread/INFO]: [ChunkTaskScheduler] Chunk system is using population gen parallelism: true
[13:02:17] [Server thread/INFO]: Default game type: SURVIVAL
[13:02:17] [Server thread/INFO]: Generating keypair
[13:02:18] [Server thread/INFO]: Starting Minecraft server on *:25565
[13:02:18] [Server thread/INFO]: Using epoll channel type
[13:02:18] [Server thread/INFO]: Paper: Using libdeflate (Linux x86_64) compression from Velocity.
[13:02:18] [Server thread/INFO]: Paper: Using OpenSSL 3.x.x (Linux x86_64) cipher from Velocity.
[13:02:19] [Server thread/INFO]: [ImageFrame] Loading server plugin ImageFrame v1.9.0.0
[13:02:19] [Server thread/INFO]: [GSit] Loading server plugin GSit v3.2.0
[13:02:19] [Server thread/INFO]: Server permissions file permissions.yml is empty, ignoring it
[13:02:19] [Server thread/WARN]: **** SERVER IS RUNNING IN OFFLINE/INSECURE MODE!
[13:02:19] [Server thread/WARN]: The server will make no attempt to authenticate usernames. Beware.
[13:02:19] [Server thread/WARN]: While this makes the game possible to play without internet access, it also opens up the ability for hackers to connect with any username they choose.
[13:02:19] [Server thread/WARN]: To change this, set "online-mode" to "true" in the server.properties file.
[13:02:19] [Server thread/INFO]: Preparing level "world"
[13:02:20] [Server thread/INFO]: Preparing start region for dimension minecraft:overworld
[13:02:20] [Server thread/INFO]: Preparing spawn area: 0%
[13:02:20] [Server thread/INFO]: Preparing spawn area: 2%
[13:02:21] [Server thread/INFO]: Preparing spawn area: 12%
[13:02:22] [Server thread/INFO]: Preparing spawn area: 12%
[13:02:22] [Server thread/INFO]: Preparing spawn area: 12%
[13:02:22] [Server thread/INFO]: Time elapsed: 2347 ms
[13:02:22] [Server thread/INFO]: Preparing start region for dimension minecraft:the_nether
[13:02:22] [Server thread/INFO]: Preparing spawn area: 0%
[13:02:22] [Server thread/INFO]: Time elapsed: 409 ms
[13:02:22] [Server thread/INFO]: Preparing start region for dimension minecraft:the_end
[13:02:22] [Server thread/INFO]: Preparing spawn area: 0%
[13:02:23] [Server thread/INFO]: Time elapsed: 220 ms
[13:02:23] [Server thread/INFO]: [ImageFrame] Enabling ImageFrame v1.9.0.0
[13:02:37] [Server thread/INFO]: [ImageFrame] Registered ImageMapLoader imageframe:url_static
[13:02:37] [Server thread/INFO]: [ImageFrame] Registered ImageMapLoader imageframe:url_animated
[13:02:37] [Server thread/INFO]: [ImageFrame] Registered ImageMapLoader imageframe:url_static_overlay
[13:02:37] [Server thread/INFO]: [ImageFrame] Registered ImageMapLoader imageframe:non_updatable_static
[13:02:37] [Server thread/INFO]: [ImageFrame] Registered MediaLoader imageframe:gif_reader to ImageMapLoader imageframe:url_animated
[13:02:37] [Server thread/INFO]: [ImageFrame] Registered MediaLoader imageframe:imageio to ImageMapLoader imageframe:url_static
[13:02:37] [Server thread/INFO]: [ImageFrame] Registered MediaLoader imageframe:imageio to ImageMapLoader imageframe:url_static_overlay
[13:02:37] [Server thread/INFO]: [ImageFrame] ImageFrame has been Enabled!
[13:02:37] [Server thread/INFO]: [GSit] Enabling GSit v3.2.0
[13:02:37] [Server thread/INFO]: [GSit] The plugin was successfully enabled.
[13:02:38] [Server thread/INFO]: [spark] Starting background profiler...
[13:02:38] [Server thread/INFO]: Done preparing level "world" (19.527s)
[13:02:38] [Server thread/INFO]: Running delayed init tasks
[13:02:38] [Server thread/INFO]: Done (39.590s)! For help, type "help"
[13:02:39] [Server thread/INFO]: Unknown or incomplete command, see below for error
java -Xmx2G -Xms2G -XX:+UseG1GC -XX:+ParallelRefProcEnabled -XX:MaxGCPauseMillis=200 -XX:+UnlockExperimentalVMOptions -XX:+DisableExplicitGC -XX:+AlwaysPreTouch -XX:G1NewSizePercent=30 -XX:G1MaxNewSizePercent=40 -XX:G1HeapRegionSize=8M -XX:G1ReservePercent=20 -XX:G1HeapWastePercent=5 -XX:G1MixedGCCountTarget=4 -XX:InitiatingHeapOccupancyPercent=15 -XX:G1MixedGCLiveThresholdPercent=90 -XX:G1RSetUpdatingPauseTimePercent=5 -XX:SurvivorRatio=32 -XX:+PerfDisableSharedMem -XX:MaxTenuringThreshold=1 -jar server.jar --nogui<--[HERE]
[13:02:39] [Craft Scheduler Thread - 2 - ImageFrame/INFO]: [ImageFrame] Data loading completed! Loaded 1 ImageMaps!
[13:04:10] [User Authenticator #0/INFO]: UUID of player Malikism is 3111e11d-a8d8-38cb-91d5-3634898fe22d
[13:04:15] [Server thread/INFO]: Malikism joined the game
[13:04:15] [Server thread/INFO]: Malikism[/127.103.8.175:54085] logged in with entity id 198 at ([world]418.87727596110886, 61.0, -380.6302040123604)
[13:07:43] [User Authenticator #1/INFO]: UUID of player cheruu is bf1ab596-8bb1-39ae-9a05-5eccbecbab9e
[13:07:53] [Server thread/INFO]: cheruu joined the game
[13:07:53] [Server thread/INFO]: cheruu[/127.9.129.229:58895] logged in with entity id 815 at ([world]481.5, 73.0, -387.5)
[13:07:59] [Async Chat Thread - #1/INFO]: [Not Secure] <cheruu> tidur
[13:08:32] [Async Chat Thread - #1/INFO]: [Not Secure] <cheruu> kau dah liat rumahku blom
[13:08:59] [Async Chat Thread - #1/INFO]: [Not Secure] <Malikism> hlo
[13:09:00] [Async Chat Thread - #1/INFO]: [Not Secure] <Malikism> hah
[13:09:04] [Async Chat Thread - #1/INFO]: [Not Secure] <Malikism> bikin apaan lagi jir
[13:13:11] [Async Chat Thread - #2/INFO]: [Not Secure] <cheruu> gsg udah jadi blom
[13:13:15] [Async Chat Thread - #3/INFO]: [Not Secure] <Malikism> erm
[13:13:18] [Async Chat Thread - #2/INFO]: [Not Secure] <Malikism> males bikin
[13:13:24] [Async Chat Thread - #3/INFO]: [Not Secure] <Malikism> tp atasnya jadi sih
[13:13:56] [Async Chat Thread - #3/INFO]: [Not Secure] <cheruu> rumahmu rusak
[13:14:19] [Async Chat Thread - #3/INFO]: [Not Secure] <Malikism> gara2 si cheru cheru itu
[13:14:20] [Async Chat Thread - #3/INFO]: [Not Secure] <Malikism> ish
[13:14:24] [Async Chat Thread - #2/INFO]: [Not Secure] <cheruu> anjir
[13:14:27] [Async Chat Thread - #3/INFO]: [Not Secure] <cheruu> ak baru dateng
[13:14:35] [Async Chat Thread - #2/INFO]: [Not Secure] <Malikism> pasti kau bawa creeper
[13:14:39] [Async Chat Thread - #2/INFO]: [Not Secure] <cheruu> ih
[13:14:41] [Async Chat Thread - #2/INFO]: [Not Secure] <cheruu> engga
[13:15:47] [Async Chat Thread - #4/INFO]: [Not Secure] <cheruu> boleh bagi sapi ga
[13:15:50] [Async Chat Thread - #4/INFO]: [Not Secure] <Malikism> ambil aja
[13:15:53] [Async Chat Thread - #4/INFO]: [Not Secure] <Malikism> banyak itu
[13:15:55] [Async Chat Thread - #4/INFO]: [Not Secure] <cheruu> asik
[13:17:28] [Async Chat Thread - #7/INFO]: [Not Secure] <cheruu> zahir pernah kesini?
[13:17:31] [Async Chat Thread - #6/INFO]: [Not Secure] <Malikism> engga
[13:17:31] [Async Chat Thread - #6/INFO]: [Not Secure] <cheruu> punya rumah ga
[13:17:34] [Async Chat Thread - #6/INFO]: [Not Secure] <cheruu> lah
[13:17:36] [Async Chat Thread - #6/INFO]: [Not Secure] <Malikism> gapernah kesini dia
[13:17:57] [Async Chat Thread - #6/INFO]: [Not Secure] <cheruu> pengen nyolong lootingan adam deh
[13:18:04] [Async Chat Thread - #6/INFO]: [Not Secure] <Malikism> ambil aja ege
[13:18:13] [Async Chat Thread - #6/INFO]: [Not Secure] <Malikism> adam pmbaik
[13:18:14] [Async Chat Thread - #7/INFO]: [Not Secure] <cheruu> wahahaha
[13:19:58] [Async Chat Thread - #8/INFO]: [Not Secure] <cheruu> lik
[13:20:03] [Async Chat Thread - #8/INFO]: [Not Secure] <Malikism> knp cel
[13:20:07] [Async Chat Thread - #8/INFO]: [Not Secure] <cheruu> tyru
[13:20:11] [Async Chat Thread - #9/INFO]: [Not Secure] <cheruu> tu
[13:20:42] [Async Chat Thread - #9/INFO]: [Not Secure] <cheruu> kau pake shaders ya
[13:20:50] [Async Chat Thread - #9/INFO]: [Not Secure] <Malikism> iyap
[13:20:57] [Async Chat Thread - #9/INFO]: [Not Secure] <cheruu> di ak lag
[13:21:02] [Async Chat Thread - #8/INFO]: [Not Secure] <cheruu> ram mu brp dah
[13:22:02] [Async Chat Thread - #8/INFO]: [Not Secure] <Malikism> em
[13:22:09] [Async Chat Thread - #8/INFO]: [Not Secure] <Malikism> brp ya
[13:22:12] [Async Chat Thread - #8/INFO]: [Not Secure] <Malikism> kyknya 8 deh
[13:22:16] [Async Chat Thread - #8/INFO]: [Not Secure] <cheruu> HAH
[13:22:22] [Async Chat Thread - #8/INFO]: [Not Secure] <cheruu> ga mungkin keknya
[13:22:22] [Async Chat Thread - #8/INFO]: [Not Secure] <Malikism> gatau jir luipa
[13:22:25] [Async Chat Thread - #8/INFO]: [Not Secure] <Malikism> sambil cas aj cel
[13:22:27] [Async Chat Thread - #9/INFO]: [Not Secure] <cheruu> ak 16
[13:22:35] [Async Chat Thread - #8/INFO]: [Not Secure] <cheruu> bukan, pake shaders ttp lag
[13:22:38] [Async Chat Thread - #8/INFO]: [Not Secure] <cheruu> jadi slow
[13:22:44] [Async Chat Thread - #8/INFO]: [Not Secure] <Malikism> iya sih
[13:28:56] [Async Chat Thread - #10/INFO]: [Not Secure] <cheruu> mau ke goa ga
[13:30:39] [Server thread/INFO]: cheruu lost connection: Disconnected
[13:30:39] [Server thread/INFO]: cheruu left the game
[13:40:06] [Server thread/INFO]: Malikism lost connection: Disconnected
[13:40:06] [Server thread/INFO]: Malikism left the game
[13:40:56] [User Authenticator #2/INFO]: UUID of player Malikism is 3111e11d-a8d8-38cb-91d5-3634898fe22d
[13:41:00] [Server thread/INFO]: Malikism joined the game
[13:41:00] [Server thread/INFO]: Malikism[/127.103.8.175:53367] logged in with entity id 5289 at ([world]424.45997639664597, 60.0, -384.6260682215799)
[13:59:29] [Server thread/INFO]: Malikism lost connection: Disconnected
[13:59:29] [Server thread/INFO]: Malikism left the game
[14:25:41] [Server thread/INFO]: Stopping the server
[14:25:41] [Server thread/INFO]: Stopping server
[14:25:41] [Server thread/INFO]: [GSit] Disabling GSit v3.2.0
[14:25:41] [Server thread/INFO]: [GSit] The plugin was successfully disabled.
[14:25:41] [Server thread/INFO]: [ImageFrame] Disabling ImageFrame v1.9.0.0
[14:25:41] [Server thread/INFO]: [ImageFrame] ImageFrame has been Disabled!
[14:25:41] [Server thread/INFO]: Saving players
[14:25:41] [Server thread/INFO]: Saving worlds
[14:25:41] [Server thread/INFO]: Saving chunks for level 'ServerLevel[world]'/minecraft:overworld
[14:25:41] [Server thread/INFO]: [ChunkHolderManager] Waiting 60s for chunk system to halt for world 'world'
[14:25:41] [Server thread/INFO]: [ChunkHolderManager] Halted chunk system for world 'world'
[14:25:41] [Server thread/INFO]: [ChunkHolderManager] Saving all chunkholders for world 'world'
[14:25:41] [Server thread/INFO]: [ChunkHolderManager] Saved 3 block chunks, 159 entity chunks, 0 poi chunks in world 'world' in 0.07s
[14:25:41] [Server thread/INFO]: [ChunkHolderManager] Waiting 60s for chunk I/O to halt for world 'world'
[14:25:41] [Server thread/INFO]: [ChunkHolderManager] Halted I/O scheduler for world 'world'
[14:25:41] [Server thread/INFO]: Saving chunks for level 'ServerLevel[world_nether]'/minecraft:the_nether
[14:25:41] [Server thread/INFO]: [ChunkHolderManager] Waiting 60s for chunk system to halt for world 'world_nether'
[14:25:41] [Server thread/INFO]: [ChunkHolderManager] Halted chunk system for world 'world_nether'
[14:25:41] [Server thread/INFO]: [ChunkHolderManager] Saving all chunkholders for world 'world_nether'
[14:25:41] [Server thread/INFO]: [ChunkHolderManager] Saved 0 block chunks, 22 entity chunks, 0 poi chunks in world 'world_nether' in 0.02s
[14:25:41] [Server thread/INFO]: [ChunkHolderManager] Waiting 60s for chunk I/O to halt for world 'world_nether'
[14:25:41] [Server thread/INFO]: [ChunkHolderManager] Halted I/O scheduler for world 'world_nether'
[14:25:41] [Server thread/INFO]: Saving chunks for level 'ServerLevel[world_the_end]'/minecraft:the_end
[14:25:41] [Server thread/INFO]: [ChunkHolderManager] Waiting 60s for chunk system to halt for world 'world_the_end'
[14:25:41] [Server thread/INFO]: [ChunkHolderManager] Halted chunk system for world 'world_the_end'
[14:25:41] [Server thread/INFO]: [ChunkHolderManager] Saving all chunkholders for world 'world_the_end'
[14:25:41] [Server thread/INFO]: [ChunkHolderManager] Saved 0 block chunks, 10 entity chunks, 0 poi chunks in world 'world_the_end' in 0.01s
[14:25:41] [Server thread/INFO]: [ChunkHolderManager] Waiting 60s for chunk I/O to halt for world 'world_the_end'
[14:25:41] [Server thread/INFO]: [ChunkHolderManager] Halted I/O scheduler for world 'world_the_end'
[14:25:41] [Server thread/INFO]: ThreadedAnvilChunkStorage (world): All chunks are saved
[14:25:41] [Server thread/INFO]: ThreadedAnvilChunkStorage (DIM-1): All chunks are saved
[14:25:41] [Server thread/INFO]: ThreadedAnvilChunkStorage (DIM1): All chunks are saved
[14:25:41] [Server thread/INFO]: ThreadedAnvilChunkStorage: All dimensions are saved
[14:25:41] [Server thread/INFO]: Waiting for I/O tasks to complete...
[14:25:41] [Server thread/INFO]: All I/O tasks to complete
[14:25:41] [Server thread/INFO]: [MoonriseCommon] Awaiting termination of worker pool for up to 60s...
[14:25:41] [Server thread/INFO]: [MoonriseCommon] Awaiting termination of I/O pool for up to 60s...
